// Jest Snapshot v1, https://goo.gl/fbAQLP

exports[`Test App should do snapshot test 1`] = `null`;
